You reached the start of the range
Sep 24, 2025, 9:21 AM
Starting Container
npm warn config production Use `--omit=dev` instead.
> rest-express@1.0.0 start
> NODE_ENV=production node dist/index.js
file:///app/dist/index.js:262
  throw new Error("Environment variable REPLIT_DOMAINS not provided");
        ^
Error: Environment variable REPLIT_DOMAINS not provided
    at file:///app/dist/index.js:262:9
    at ModuleJob.run (node:internal/modules/esm/module_job:345:25)
    at async onImport.tracePromise.__proto__ (node:internal/modules/esm/loader:651:26)
    at async asyncRunEntryPointWithESMLoader (node:internal/modules/run_main:117:5)
Node.js v22.19.0
npm warn config production Use `--omit=dev` instead.
> rest-express@1.0.0 start
> NODE_ENV=production node dist/index.js
file:///app/dist/index.js:262
  throw new Error("Environment variable REPLIT_DOMAINS not provided");
        ^
Error: Environment variable REPLIT_DOMAINS not provided
    at file:///app/dist/index.js:262:9
    at ModuleJob.run (node:internal/modules/esm/module_job:345:25)
    at async onImport.tracePromise.__proto__ (node:internal/modules/esm/loader:651:26)
    at async asyncRunEntryPointWithESMLoader (node:internal/modules/run_main:117:5)
Node.js v22.19.0
npm warn config production Use `--omit=dev` instead.
> rest-express@1.0.0 start
> NODE_ENV=production node dist/index.js
file:///app/dist/index.js:262
  throw new Error("Environment variable REPLIT_DOMAINS not provided");
        ^
Error: Environment variable REPLIT_DOMAINS not provided
    at file:///app/dist/index.js:262:9
    at ModuleJob.run (node:internal/modules/esm/module_job:345:25)
    at async onImport.tracePromise.__proto__ (node:internal/modules/esm/loader:651:26)
    at async asyncRunEntryPointWithESMLoader (node:internal/modules/run_main:117:5)
Node.js v22.19.0
npm warn config production Use `--omit=dev` instead.
> rest-express@1.0.0 start
> NODE_ENV=production node dist/index.js
file:///app/dist/index.js:262
  throw new Error("Environment variable REPLIT_DOMAINS not provided");
        ^
Error: Environment variable REPLIT_DOMAINS not provided
    at file:///app/dist/index.js:262:9
    at ModuleJob.run (node:internal/modules/esm/module_job:345:25)
    at async onImport.tracePromise.__proto__ (node:internal/modules/esm/loader:651:26)
    at async asyncRunEntryPointWithESMLoader (node:internal/modules/run_main:117:5)
Node.js v22.19.0
npm warn config production Use `--omit=dev` instead.
> rest-express@1.0.0 start
> NODE_ENV=production node dist/index.js
file:///app/dist/index.js:262
  throw new Error("Environment variable REPLIT_DOMAINS not provided");
        ^
Error: Environment variable REPLIT_DOMAINS not provided
    at file:///app/dist/index.js:262:9
    at ModuleJob.run (node:internal/modules/esm/module_job:345:25)
    at async onImport.tracePromise.__proto__ (node:internal/modules/esm/loader:651:26)
    at async asyncRunEntryPointWithESMLoader (node:internal/modules/run_main:117:5)
Node.js v22.19.0
npm warn config production Use `--omit=dev` instead.
> rest-express@1.0.0 start
> NODE_ENV=production node dist/index.js
file:///app/dist/index.js:262
  throw new Error("Environment variable REPLIT_DOMAINS not provided");
        ^
Error: Environment variable REPLIT_DOMAINS not provided
    at file:///app/dist/index.js:262:9
    at ModuleJob.run (node:internal/modules/esm/module_job:345:25)
    at async onImport.tracePromise.__proto__ (node:internal/modules/esm/loader:651:26)
    at async asyncRunEntryPointWithESMLoader (node:internal/modules/run_main:117:5)
Node.js v22.19.0
npm warn config production Use `--omit=dev` instead.
> rest-express@1.0.0 start
> NODE_ENV=production node dist/index.js
file:///app/dist/index.js:262
  throw new Error("Environment variable REPLIT_DOMAINS not provided");
        ^
Error: Environment variable REPLIT_DOMAINS not provided
    at file:///app/dist/index.js:262:9
    at ModuleJob.run (node:internal/modules/esm/module_job:345:25)
    at async onImport.tracePromise.__proto__ (node:internal/modules/esm/loader:651:26)
    at async asyncRunEntryPointWithESMLoader (node:internal/modules/run_main:117:5)
Node.js v22.19.0
npm warn config production Use `--omit=dev` instead.
> rest-express@1.0.0 start
> NODE_ENV=production node dist/index.js
file:///app/dist/index.js:262
  throw new Error("Environment variable REPLIT_DOMAINS not provided");
        ^
